Tue Nov 11 17:07:43 EST 2025: MAMO is running normally.
Tue Nov 11 17:08:31 EST 2025: MAMO is running normally.
Tue Nov 11 19:17:16 EST 2025: MAMO is running normally.
Tue Nov 11 19:27:16 EST 2025: MAMO is running normally.
Tue Nov 11 19:37:16 EST 2025: MAMO not running, restarting LaunchAgent...
Tue Nov 11 19:47:16 EST 2025: MAMO not running, restarting LaunchAgent...
Tue Nov 11 19:48:39 EST 2025: MAMO is running normally.
Tue Nov 11 19:58:39 EST 2025: MAMO not running, restarting LaunchAgent...
Tue Nov 11 20:03:15 EST 2025: MAMO is running normally.
Tue Nov 11 20:11:22 EST 2025: ⚠️ main.py appears inactive — restarting LaunchAgent...
Tue Nov 11 20:21:22 EST 2025: ⚠️ main.py appears inactive — restarting LaunchAgent...
Tue Nov 11 20:27:05 EST 2025: ✅ main.py ran recently — no action needed.
Wed Nov 12 01:04:55 EST 2025: ⚠️ main.py appears inactive — restarting LaunchAgent...
Wed Nov 12 02:50:30 EST 2025: ✅ main.py ran recently — no action needed.
Wed Nov 12 05:22:28 EST 2025: ✅ main.py ran recently — no action needed.
Wed Nov 12 06:17:20 EST 2025: ✅ main.py ran recently — no action needed.
Wed Nov 12 07:12:13 EST 2025: ✅ main.py ran recently — no action needed.
Wed Nov 12 07:57:13 EST 2025: ✅ main.py ran recently — no action needed.
Wed Nov 12 09:43:31 EST 2025: ✅ main.py ran recently — no action needed.
Wed Nov 12 12:06:35 EST 2025: ✅ main.py ran recently — no action needed.
Wed Nov 12 12:16:35 EST 2025: ✅ main.py ran recently — no action needed.
Wed Nov 12 12:26:35 EST 2025: ✅ main.py ran recently — no action needed.
Wed Nov 12 12:36:35 EST 2025: ✅ main.py ran recently — no action needed.
Wed Nov 12 12:46:35 EST 2025: ✅ main.py ran recently — no action needed.
Wed Nov 12 12:56:35 EST 2025: ✅ main.py ran recently — no action needed.
Wed Nov 12 13:06:35 EST 2025: ✅ main.py ran recently — no action needed.
Wed Nov 12 13:16:35 EST 2025: ✅ main.py ran recently — no action needed.
Wed Nov 12 13:26:35 EST 2025: ✅ main.py ran recently — no action needed.
Wed Nov 12 13:36:35 EST 2025: ✅ main.py ran recently — no action needed.
Wed Nov 12 13:46:35 EST 2025: ✅ main.py ran recently — no action needed.
Wed Nov 12 13:56:35 EST 2025: ✅ main.py ran recently — no action needed.
Wed Nov 12 14:06:35 EST 2025: ✅ main.py ran recently — no action needed.
Wed Nov 12 14:16:35 EST 2025: ✅ main.py ran recently — no action needed.
Wed Nov 12 14:26:35 EST 2025: ✅ main.py ran recently — no action needed.
Wed Nov 12 14:36:35 EST 2025: ✅ main.py ran recently — no action needed.
Wed Nov 12 14:46:35 EST 2025: ✅ main.py ran recently — no action needed.
Wed Nov 12 14:56:35 EST 2025: ✅ main.py ran recently — no action needed.
Wed Nov 12 15:06:35 EST 2025: ✅ main.py ran recently — no action needed.
Wed Nov 12 15:16:35 EST 2025: ✅ main.py ran recently — no action needed.
Wed Nov 12 15:26:36 EST 2025: ✅ main.py ran recently — no action needed.
Wed Nov 12 15:36:36 EST 2025: ✅ main.py ran recently — no action needed.
Wed Nov 12 15:46:36 EST 2025: ✅ main.py ran recently — no action needed.
Wed Nov 12 15:56:36 EST 2025: ✅ main.py ran recently — no action needed.
Wed Nov 12 16:06:36 EST 2025: ✅ main.py ran recently — no action needed.
Wed Nov 12 16:16:36 EST 2025: ✅ main.py ran recently — no action needed.
Wed Nov 12 16:26:36 EST 2025: ✅ main.py ran recently — no action needed.
Wed Nov 12 16:36:36 EST 2025: ✅ main.py ran recently — no action needed.
Wed Nov 12 16:46:36 EST 2025: ✅ main.py ran recently — no action needed.
Wed Nov 12 16:56:36 EST 2025: ✅ main.py ran recently — no action needed.
Wed Nov 12 17:06:36 EST 2025: ✅ main.py ran recently — no action needed.
Wed Nov 12 17:16:36 EST 2025: ✅ main.py ran recently — no action needed.
Wed Nov 12 17:26:36 EST 2025: ✅ main.py ran recently — no action needed.
Wed Nov 12 17:36:36 EST 2025: ✅ main.py ran recently — no action needed.
Wed Nov 12 17:46:36 EST 2025: ✅ main.py ran recently — no action needed.
Wed Nov 12 17:56:36 EST 2025: ✅ main.py ran recently — no action needed.
Wed Nov 12 18:06:36 EST 2025: ✅ main.py ran recently — no action needed.
Wed Nov 12 18:16:36 EST 2025: ✅ main.py ran recently — no action needed.
Wed Nov 12 18:26:36 EST 2025: ✅ main.py ran recently — no action needed.
Wed Nov 12 18:36:36 EST 2025: ✅ main.py ran recently — no action needed.
Wed Nov 12 18:46:36 EST 2025: ✅ main.py ran recently — no action needed.
Wed Nov 12 18:56:36 EST 2025: ✅ main.py ran recently — no action needed.
Wed Nov 12 19:06:36 EST 2025: ✅ main.py ran recently — no action needed.
Wed Nov 12 19:16:37 EST 2025: ✅ main.py ran recently — no action needed.
Wed Nov 12 19:26:37 EST 2025: ✅ main.py ran recently — no action needed.
Wed Nov 12 19:36:37 EST 2025: ✅ main.py ran recently — no action needed.
Wed Nov 12 19:50:09 EST 2025: ✅ main.py ran recently — no action needed.
Wed Nov 12 20:00:09 EST 2025: ✅ main.py ran recently — no action needed.
Wed Nov 12 20:10:09 EST 2025: ✅ main.py ran recently — no action needed.
Wed Nov 12 20:20:09 EST 2025: ✅ main.py ran recently — no action needed.
Wed Nov 12 20:30:09 EST 2025: ✅ main.py ran recently — no action needed.
Wed Nov 12 20:40:09 EST 2025: ✅ main.py ran recently — no action needed.
Wed Nov 12 20:50:09 EST 2025: ✅ main.py ran recently — no action needed.
Wed Nov 12 21:00:09 EST 2025: ✅ main.py ran recently — no action needed.
Wed Nov 12 21:10:09 EST 2025: ✅ main.py ran recently — no action needed.
Wed Nov 12 21:20:10 EST 2025: ✅ main.py ran recently — no action needed.
Wed Nov 12 21:30:10 EST 2025: ✅ main.py ran recently — no action needed.
Wed Nov 12 21:40:10 EST 2025: ✅ main.py ran recently — no action needed.
Wed Nov 12 21:50:10 EST 2025: ✅ main.py ran recently — no action needed.
Wed Nov 12 22:00:10 EST 2025: ✅ main.py ran recently — no action needed.
Wed Nov 12 22:10:10 EST 2025: ✅ main.py ran recently — no action needed.
Wed Nov 12 22:20:10 EST 2025: ✅ main.py ran recently — no action needed.
Wed Nov 12 22:30:10 EST 2025: ✅ main.py ran recently — no action needed.
Wed Nov 12 22:40:10 EST 2025: ✅ main.py ran recently — no action needed.
Wed Nov 12 22:50:10 EST 2025: ✅ main.py ran recently — no action needed.
Wed Nov 12 23:00:10 EST 2025: ✅ main.py ran recently — no action needed.
Wed Nov 12 23:10:10 EST 2025: ✅ main.py ran recently — no action needed.
Wed Nov 12 23:20:10 EST 2025: ✅ main.py ran recently — no action needed.
Wed Nov 12 23:30:10 EST 2025: ✅ main.py ran recently — no action needed.
Wed Nov 12 23:40:10 EST 2025: ✅ main.py ran recently — no action needed.
Wed Nov 12 23:50:10 EST 2025: ✅ main.py ran recently — no action needed.
Thu Nov 13 00:00:10 EST 2025: ✅ main.py ran recently — no action needed.
Thu Nov 13 00:10:10 EST 2025: ✅ main.py ran recently — no action needed.
Thu Nov 13 10:29:37 EST 2025: ⚠️ main.py appears inactive — restarting LaunchAgent...
Thu Nov 13 10:55:41 EST 2025: ✅ main.py ran recently — no action needed.
Thu Nov 13 11:05:41 EST 2025: ✅ main.py ran recently — no action needed.
Thu Nov 13 11:15:41 EST 2025: ✅ main.py ran recently — no action needed.
Thu Nov 13 11:25:41 EST 2025: ✅ main.py ran recently — no action needed.
Thu Nov 13 11:35:41 EST 2025: ✅ main.py ran recently — no action needed.
Thu Nov 13 11:45:41 EST 2025: ✅ main.py ran recently — no action needed.
Thu Nov 13 11:55:41 EST 2025: ✅ main.py ran recently — no action needed.
Thu Nov 13 12:05:41 EST 2025: ✅ main.py ran recently — no action needed.
Thu Nov 13 12:15:41 EST 2025: ✅ main.py ran recently — no action needed.
Thu Nov 13 12:25:41 EST 2025: ✅ main.py ran recently — no action needed.
Thu Nov 13 12:35:41 EST 2025: ✅ main.py ran recently — no action needed.
Thu Nov 13 12:45:41 EST 2025: ✅ main.py ran recently — no action needed.
Thu Nov 13 12:55:41 EST 2025: ✅ main.py ran recently — no action needed.
Thu Nov 13 13:05:41 EST 2025: ✅ main.py ran recently — no action needed.
Thu Nov 13 13:15:41 EST 2025: ✅ main.py ran recently — no action needed.
Thu Nov 13 17:25:48 EST 2025: ⚠️ main.py appears inactive — restarting LaunchAgent...
Thu Nov 13 17:35:49 EST 2025: ✅ main.py ran recently — no action needed.
Thu Nov 13 17:45:49 EST 2025: ✅ main.py ran recently — no action needed.
Thu Nov 13 17:55:49 EST 2025: ✅ main.py ran recently — no action needed.
Thu Nov 13 18:05:49 EST 2025: ✅ main.py ran recently — no action needed.
Thu Nov 13 18:15:49 EST 2025: ✅ main.py ran recently — no action needed.
Thu Nov 13 18:25:49 EST 2025: ✅ main.py ran recently — no action needed.
Thu Nov 13 18:35:49 EST 2025: ✅ main.py ran recently — no action needed.
Thu Nov 13 18:45:49 EST 2025: ✅ main.py ran recently — no action needed.
Thu Nov 13 18:55:49 EST 2025: ✅ main.py ran recently — no action needed.
Thu Nov 13 18:55:56 EST 2025: ✅ main.py ran recently — no action needed.
Thu Nov 13 19:05:56 EST 2025: ✅ main.py ran recently — no action needed.
Thu Nov 13 19:15:56 EST 2025: ✅ main.py ran recently — no action needed.
Thu Nov 13 19:25:56 EST 2025: ✅ main.py ran recently — no action needed.
Thu Nov 13 19:35:56 EST 2025: ✅ main.py ran recently — no action needed.
Thu Nov 13 19:45:56 EST 2025: ✅ main.py ran recently — no action needed.
Thu Nov 13 19:55:56 EST 2025: ✅ main.py ran recently — no action needed.
Thu Nov 13 20:05:56 EST 2025: ✅ main.py ran recently — no action needed.
Thu Nov 13 20:15:56 EST 2025: ✅ main.py ran recently — no action needed.
Thu Nov 13 20:25:56 EST 2025: ✅ main.py ran recently — no action needed.
Thu Nov 13 20:35:56 EST 2025: ✅ main.py ran recently — no action needed.
Thu Nov 13 20:45:56 EST 2025: ✅ main.py ran recently — no action needed.
Thu Nov 13 20:55:56 EST 2025: ✅ main.py ran recently — no action needed.
Thu Nov 13 21:05:56 EST 2025: ✅ main.py ran recently — no action needed.
Thu Nov 13 21:15:56 EST 2025: ✅ main.py ran recently — no action needed.
Thu Nov 13 21:24:37 EST 2025: ✅ main.py ran recently — no action needed.
Thu Nov 13 21:34:37 EST 2025: ✅ main.py ran recently — no action needed.
Thu Nov 13 21:44:37 EST 2025: ✅ main.py ran recently — no action needed.
Thu Nov 13 21:54:37 EST 2025: ✅ main.py ran recently — no action needed.
Thu Nov 13 22:04:37 EST 2025: ✅ main.py ran recently — no action needed.
Thu Nov 13 22:14:37 EST 2025: ✅ main.py ran recently — no action needed.
Thu Nov 13 22:24:37 EST 2025: ✅ main.py ran recently — no action needed.
Thu Nov 13 22:34:37 EST 2025: ✅ main.py ran recently — no action needed.
Thu Nov 13 22:44:37 EST 2025: ✅ main.py ran recently — no action needed.
Thu Nov 13 22:54:37 EST 2025: ✅ main.py ran recently — no action needed.
Thu Nov 13 23:04:37 EST 2025: ✅ main.py ran recently — no action needed.
Thu Nov 13 23:14:37 EST 2025: ✅ main.py ran recently — no action needed.
Thu Nov 13 23:24:37 EST 2025: ✅ main.py ran recently — no action needed.
Thu Nov 13 23:34:37 EST 2025: ✅ main.py ran recently — no action needed.
Thu Nov 13 23:44:37 EST 2025: ✅ main.py ran recently — no action needed.
Thu Nov 13 23:54:37 EST 2025: ✅ main.py ran recently — no action needed.
Fri Nov 14 00:04:37 EST 2025: ✅ main.py ran recently — no action needed.
Fri Nov 14 00:14:38 EST 2025: ✅ main.py ran recently — no action needed.
Fri Nov 14 00:24:38 EST 2025: ✅ main.py ran recently — no action needed.
Fri Nov 14 00:34:38 EST 2025: ✅ main.py ran recently — no action needed.
Fri Nov 14 00:44:38 EST 2025: ✅ main.py ran recently — no action needed.
Fri Nov 14 00:54:38 EST 2025: ✅ main.py ran recently — no action needed.
Fri Nov 14 01:30:24 EST 2025: ✅ main.py ran recently — no action needed.
Fri Nov 14 02:19:09 EST 2025: ✅ main.py ran recently — no action needed.
Fri Nov 14 03:03:22 EST 2025: ✅ main.py ran recently — no action needed.
Fri Nov 14 04:32:09 EST 2025: ✅ main.py ran recently — no action needed.
Fri Nov 14 05:27:03 EST 2025: ✅ main.py ran recently — no action needed.
Fri Nov 14 06:38:49 EST 2025: ✅ main.py ran recently — no action needed.
Fri Nov 14 07:19:48 EST 2025: ✅ main.py ran recently — no action needed.
Fri Nov 14 08:33:33 EST 2025: ✅ main.py ran recently — no action needed.
Fri Nov 14 09:27:37 EST 2025: ✅ main.py ran recently — no action needed.
Fri Nov 14 09:37:37 EST 2025: ✅ main.py ran recently — no action needed.
Fri Nov 14 20:32:26 EST 2025: ✅ main.py ran recently — no action needed.
Sat Nov 15 01:18:33 EST 2025: ✅ main.py ran recently — no action needed.
Sat Nov 15 02:52:53 EST 2025: ✅ main.py ran recently — no action needed.
Sat Nov 15 03:33:40 EST 2025: ✅ main.py ran recently — no action needed.
Sat Nov 15 04:46:59 EST 2025: ✅ main.py ran recently — no action needed.
Sat Nov 15 05:49:52 EST 2025: ✅ main.py ran recently — no action needed.
Sat Nov 15 07:18:50 EST 2025: ✅ main.py ran recently — no action needed.
Sat Nov 15 08:32:40 EST 2025: ✅ main.py ran recently — no action needed.
Sat Nov 15 09:34:22 EST 2025: ✅ main.py ran recently — no action needed.
Sat Nov 15 12:43:16 EST 2025: ✅ main.py ran recently — no action needed.
Sat Nov 15 12:53:17 EST 2025: ✅ main.py ran recently — no action needed.
Sat Nov 15 13:03:17 EST 2025: ✅ main.py ran recently — no action needed.
Sat Nov 15 13:13:17 EST 2025: ✅ main.py ran recently — no action needed.
Sat Nov 15 13:23:17 EST 2025: ✅ main.py ran recently — no action needed.
Sat Nov 15 13:33:17 EST 2025: ✅ main.py ran recently — no action needed.
Sat Nov 15 13:43:17 EST 2025: ✅ main.py ran recently — no action needed.
Sat Nov 15 13:53:17 EST 2025: ✅ main.py ran recently — no action needed.
Sat Nov 15 14:03:17 EST 2025: ✅ main.py ran recently — no action needed.
Sat Nov 15 14:13:17 EST 2025: ✅ main.py ran recently — no action needed.
Sat Nov 15 14:14:11 EST 2025: ✅ main.py ran recently — no action needed.
Sat Nov 15 14:24:11 EST 2025: ✅ main.py ran recently — no action needed.
Sat Nov 15 14:34:11 EST 2025: ✅ main.py ran recently — no action needed.
Sat Nov 15 14:44:12 EST 2025: ✅ main.py ran recently — no action needed.
Sat Nov 15 14:54:12 EST 2025: ✅ main.py ran recently — no action needed.
Sun Nov 16 01:08:55 EST 2025: ⚠️ main.py appears inactive — restarting LaunchAgent...
Sun Nov 16 02:08:11 EST 2025: ✅ main.py ran recently — no action needed.
Sun Nov 16 02:33:16 EST 2025: ✅ main.py ran recently — no action needed.
Sun Nov 16 03:31:20 EST 2025: ✅ main.py ran recently — no action needed.
Sun Nov 16 04:27:30 EST 2025: ✅ main.py ran recently — no action needed.
Sun Nov 16 05:43:00 EST 2025: ✅ main.py ran recently — no action needed.
Sun Nov 16 07:08:43 EST 2025: ✅ main.py ran recently — no action needed.
Sun Nov 16 08:04:55 EST 2025: ✅ main.py ran recently — no action needed.
Sun Nov 16 09:04:16 EST 2025: ✅ main.py ran recently — no action needed.
Sun Nov 16 10:37:13 EST 2025: ✅ main.py ran recently — no action needed.
Sun Nov 16 21:44:54 EST 2025: ⚠️ main.py appears inactive — restarting LaunchAgent...
Mon Nov 17 10:24:09 EST 2025: ✅ main.py ran recently — no action needed.
Mon Nov 17 11:58:42 EST 2025: ✅ main.py ran recently — no action needed.
Mon Nov 17 12:08:42 EST 2025: ✅ main.py ran recently — no action needed.
Mon Nov 17 12:10:12 EST 2025: ✅ main.py ran recently — no action needed.
Mon Nov 17 12:15:49 EST 2025: ✅ main.py ran recently — no action needed.
Mon Nov 17 12:23:19 EST 2025: ✅ main.py ran recently — no action needed.
Mon Nov 17 12:33:19 EST 2025: ✅ main.py ran recently — no action needed.
Mon Nov 17 12:43:19 EST 2025: ✅ main.py ran recently — no action needed.
Mon Nov 17 12:52:18 EST 2025: ✅ main.py ran recently — no action needed.
Mon Nov 17 12:52:36 EST 2025: ✅ main.py ran recently — no action needed.
Mon Nov 17 12:55:24 EST 2025: ✅ main.py ran recently — no action needed.
Mon Nov 17 12:56:25 EST 2025: ✅ main.py ran recently — no action needed.
Mon Nov 17 13:06:25 EST 2025: ✅ main.py ran recently — no action needed.
Mon Nov 17 13:16:25 EST 2025: ✅ main.py ran recently — no action needed.
Mon Nov 17 13:26:15 EST 2025: ✅ main.py ran recently — no action needed.
Mon Nov 17 13:26:33 EST 2025: ✅ main.py ran recently — no action needed.
Mon Nov 17 13:27:32 EST 2025: ✅ main.py ran recently — no action needed.
Mon Nov 17 13:30:54 EST 2025: ✅ main.py ran recently — no action needed.
Mon Nov 17 13:35:38 EST 2025: ✅ main.py ran recently — no action needed.
Mon Nov 17 13:43:05 EST 2025: ✅ main.py ran recently — no action needed.
Mon Nov 17 13:49:30 EST 2025: ✅ main.py ran recently — no action needed.
Mon Nov 17 13:59:30 EST 2025: ✅ main.py ran recently — no action needed.
Mon Nov 17 14:09:30 EST 2025: ✅ main.py ran recently — no action needed.
Mon Nov 17 14:19:30 EST 2025: ✅ main.py ran recently — no action needed.
Mon Nov 17 17:12:39 EST 2025: ✅ main.py ran recently — no action needed.
Mon Nov 17 17:22:39 EST 2025: ✅ main.py ran recently — no action needed.
Mon Nov 17 17:32:39 EST 2025: ✅ main.py ran recently — no action needed.
Mon Nov 17 17:42:39 EST 2025: ✅ main.py ran recently — no action needed.
Mon Nov 17 17:52:39 EST 2025: ✅ main.py ran recently — no action needed.
Mon Nov 17 18:02:39 EST 2025: ✅ main.py ran recently — no action needed.
Mon Nov 17 18:12:39 EST 2025: ✅ main.py ran recently — no action needed.
Mon Nov 17 18:22:39 EST 2025: ✅ main.py ran recently — no action needed.
Mon Nov 17 18:32:39 EST 2025: ✅ main.py ran recently — no action needed.
Mon Nov 17 18:42:39 EST 2025: ✅ main.py ran recently — no action needed.
Mon Nov 17 18:52:40 EST 2025: ✅ main.py ran recently — no action needed.
Mon Nov 17 19:02:40 EST 2025: ✅ main.py ran recently — no action needed.
Mon Nov 17 19:12:40 EST 2025: ✅ main.py ran recently — no action needed.
Mon Nov 17 19:22:40 EST 2025: ✅ main.py ran recently — no action needed.
Mon Nov 17 19:32:40 EST 2025: ✅ main.py ran recently — no action needed.
Mon Nov 17 19:42:40 EST 2025: ✅ main.py ran recently — no action needed.
Mon Nov 17 19:52:40 EST 2025: ✅ main.py ran recently — no action needed.
Mon Nov 17 20:02:40 EST 2025: ✅ main.py ran recently — no action needed.
Mon Nov 17 20:12:40 EST 2025: ✅ main.py ran recently — no action needed.
Mon Nov 17 20:22:40 EST 2025: ✅ main.py ran recently — no action needed.
Mon Nov 17 20:32:40 EST 2025: ✅ main.py ran recently — no action needed.
Mon Nov 17 20:42:40 EST 2025: ✅ main.py ran recently — no action needed.
Mon Nov 17 20:52:40 EST 2025: ✅ main.py ran recently — no action needed.
Mon Nov 17 21:02:40 EST 2025: ✅ main.py ran recently — no action needed.
Mon Nov 17 21:12:40 EST 2025: ✅ main.py ran recently — no action needed.
Mon Nov 17 21:22:40 EST 2025: ✅ main.py ran recently — no action needed.
Mon Nov 17 21:32:40 EST 2025: ✅ main.py ran recently — no action needed.
Mon Nov 17 21:42:40 EST 2025: ✅ main.py ran recently — no action needed.
Mon Nov 17 21:52:40 EST 2025: ✅ main.py ran recently — no action needed.
Mon Nov 17 22:02:40 EST 2025: ✅ main.py ran recently — no action needed.
Mon Nov 17 22:12:40 EST 2025: ✅ main.py ran recently — no action needed.
Mon Nov 17 22:22:40 EST 2025: ✅ main.py ran recently — no action needed.
Mon Nov 17 22:32:41 EST 2025: ✅ main.py ran recently — no action needed.
Mon Nov 17 22:42:41 EST 2025: ✅ main.py ran recently — no action needed.
Mon Nov 17 22:52:41 EST 2025: ✅ main.py ran recently — no action needed.
Mon Nov 17 23:02:41 EST 2025: ✅ main.py ran recently — no action needed.
Mon Nov 17 23:12:41 EST 2025: ✅ main.py ran recently — no action needed.
Mon Nov 17 23:22:41 EST 2025: ✅ main.py ran recently — no action needed.
Mon Nov 17 23:32:41 EST 2025: ✅ main.py ran recently — no action needed.
Mon Nov 17 23:42:41 EST 2025: ✅ main.py ran recently — no action needed.
Mon Nov 17 23:52:41 EST 2025: ✅ main.py ran recently — no action needed.
Tue Nov 18 00:02:41 EST 2025: ✅ main.py ran recently — no action needed.
Tue Nov 18 00:12:41 EST 2025: ✅ main.py ran recently — no action needed.
Tue Nov 18 00:22:41 EST 2025: ✅ main.py ran recently — no action needed.
Tue Nov 18 00:49:21 EST 2025: ✅ main.py ran recently — no action needed.
Tue Nov 18 01:37:10 EST 2025: ✅ main.py ran recently — no action needed.
Tue Nov 18 02:28:42 EST 2025: ✅ main.py ran recently — no action needed.
Tue Nov 18 04:14:27 EST 2025: ✅ main.py ran recently — no action needed.
Tue Nov 18 05:41:52 EST 2025: ✅ main.py ran recently — no action needed.
Tue Nov 18 06:48:36 EST 2025: ✅ main.py ran recently — no action needed.
Tue Nov 18 08:19:32 EST 2025: ✅ main.py ran recently — no action needed.
Tue Nov 18 09:14:36 EST 2025: ✅ main.py ran recently — no action needed.
Tue Nov 18 10:11:34 EST 2025: ✅ main.py ran recently — no action needed.
Tue Nov 18 12:48:01 EST 2025: ✅ main.py ran recently — no action needed.
Wed Nov 19 03:02:16 EST 2025: ✅ main.py ran recently — no action needed.
Wed Nov 19 05:05:54 EST 2025: ✅ main.py ran recently — no action needed.
Wed Nov 19 05:34:21 EST 2025: ✅ main.py ran recently — no action needed.
Wed Nov 19 06:47:51 EST 2025: ✅ main.py ran recently — no action needed.
Wed Nov 19 08:02:22 EST 2025: ✅ main.py ran recently — no action needed.
Wed Nov 19 09:50:35 EST 2025: ✅ main.py ran recently — no action needed.
Wed Nov 19 13:57:39 EST 2025: ✅ main.py ran recently — no action needed.
Thu Nov 20 01:30:47 EST 2025: ✅ main.py ran recently — no action needed.
Thu Nov 20 03:19:20 EST 2025: ✅ main.py ran recently — no action needed.
Thu Nov 20 04:33:31 EST 2025: ✅ main.py ran recently — no action needed.
Thu Nov 20 05:00:36 EST 2025: ✅ main.py ran recently — no action needed.
Thu Nov 20 06:07:30 EST 2025: ✅ main.py ran recently — no action needed.
Thu Nov 20 07:35:11 EST 2025: ✅ main.py ran recently — no action needed.
Thu Nov 20 08:43:41 EST 2025: ✅ main.py ran recently — no action needed.
Thu Nov 20 09:42:14 EST 2025: ✅ main.py ran recently — no action needed.
Thu Nov 20 10:30:44 EST 2025: ✅ main.py ran recently — no action needed.
Thu Nov 20 10:36:47 EST 2025: ✅ main.py ran recently — no action needed.
Thu Nov 20 10:46:47 EST 2025: ✅ main.py ran recently — no action needed.
Thu Nov 20 10:51:12 EST 2025: ✅ main.py ran recently — no action needed.
Thu Nov 20 10:53:07 EST 2025: ✅ main.py ran recently — no action needed.
Thu Nov 20 10:56:03 EST 2025: ✅ main.py ran recently — no action needed.
Thu Nov 20 10:57:14 EST 2025: ✅ main.py ran recently — no action needed.
Thu Nov 20 11:07:14 EST 2025: ✅ main.py ran recently — no action needed.
Thu Nov 20 11:17:14 EST 2025: ✅ main.py ran recently — no action needed.
Thu Nov 20 11:27:14 EST 2025: ✅ main.py ran recently — no action needed.
Thu Nov 20 11:37:14 EST 2025: ✅ main.py ran recently — no action needed.
Thu Nov 20 11:47:14 EST 2025: ✅ main.py ran recently — no action needed.
Thu Nov 20 11:57:14 EST 2025: ✅ main.py ran recently — no action needed.
Thu Nov 20 12:07:14 EST 2025: ✅ main.py ran recently — no action needed.
Thu Nov 20 12:17:14 EST 2025: ✅ main.py ran recently — no action needed.
Thu Nov 20 12:27:14 EST 2025: ✅ main.py ran recently — no action needed.
Thu Nov 20 12:37:14 EST 2025: ✅ main.py ran recently — no action needed.
Thu Nov 20 12:47:14 EST 2025: ✅ main.py ran recently — no action needed.
Thu Nov 20 12:57:14 EST 2025: ✅ main.py ran recently — no action needed.
Thu Nov 20 13:07:14 EST 2025: ✅ main.py ran recently — no action needed.
Thu Nov 20 13:17:14 EST 2025: ✅ main.py ran recently — no action needed.
Thu Nov 20 13:27:14 EST 2025: ✅ main.py ran recently — no action needed.
Thu Nov 20 13:37:14 EST 2025: ✅ main.py ran recently — no action needed.
Thu Nov 20 13:47:14 EST 2025: ✅ main.py ran recently — no action needed.
Thu Nov 20 13:57:15 EST 2025: ✅ main.py ran recently — no action needed.
Thu Nov 20 14:07:15 EST 2025: ✅ main.py ran recently — no action needed.
Thu Nov 20 14:17:15 EST 2025: ✅ main.py ran recently — no action needed.
Thu Nov 20 14:27:15 EST 2025: ✅ main.py ran recently — no action needed.
Thu Nov 20 14:37:15 EST 2025: ✅ main.py ran recently — no action needed.
Thu Nov 20 14:47:15 EST 2025: ✅ main.py ran recently — no action needed.
Thu Nov 20 14:57:15 EST 2025: ✅ main.py ran recently — no action needed.
Thu Nov 20 15:07:15 EST 2025: ✅ main.py ran recently — no action needed.
Thu Nov 20 15:17:15 EST 2025: ✅ main.py ran recently — no action needed.
Thu Nov 20 15:27:15 EST 2025: ✅ main.py ran recently — no action needed.
Thu Nov 20 15:37:15 EST 2025: ✅ main.py ran recently — no action needed.
Thu Nov 20 15:47:15 EST 2025: ✅ main.py ran recently — no action needed.
Thu Nov 20 15:57:15 EST 2025: ✅ main.py ran recently — no action needed.
Thu Nov 20 16:07:15 EST 2025: ✅ main.py ran recently — no action needed.
Thu Nov 20 16:17:15 EST 2025: ✅ main.py ran recently — no action needed.
Thu Nov 20 16:27:15 EST 2025: ✅ main.py ran recently — no action needed.
Thu Nov 20 16:37:15 EST 2025: ✅ main.py ran recently — no action needed.
Thu Nov 20 16:47:15 EST 2025: ✅ main.py ran recently — no action needed.
Thu Nov 20 16:57:15 EST 2025: ✅ main.py ran recently — no action needed.
Thu Nov 20 17:07:15 EST 2025: ✅ main.py ran recently — no action needed.
Thu Nov 20 17:17:15 EST 2025: ✅ main.py ran recently — no action needed.
Thu Nov 20 17:27:16 EST 2025: ✅ main.py ran recently — no action needed.
Thu Nov 20 17:37:16 EST 2025: ✅ main.py ran recently — no action needed.
Thu Nov 20 17:47:16 EST 2025: ✅ main.py ran recently — no action needed.
Thu Nov 20 17:57:16 EST 2025: ✅ main.py ran recently — no action needed.
Thu Nov 20 18:07:16 EST 2025: ✅ main.py ran recently — no action needed.
Thu Nov 20 18:17:16 EST 2025: ✅ main.py ran recently — no action needed.
Thu Nov 20 18:27:16 EST 2025: ✅ main.py ran recently — no action needed.
Thu Nov 20 18:37:16 EST 2025: ✅ main.py ran recently — no action needed.
Thu Nov 20 18:47:16 EST 2025: ✅ main.py ran recently — no action needed.
Thu Nov 20 18:57:16 EST 2025: ✅ main.py ran recently — no action needed.
Thu Nov 20 19:07:16 EST 2025: ✅ main.py ran recently — no action needed.
Thu Nov 20 19:17:16 EST 2025: ✅ main.py ran recently — no action needed.
Thu Nov 20 19:27:16 EST 2025: ✅ main.py ran recently — no action needed.
Fri Nov 21 01:16:38 EST 2025: ✅ main.py ran recently — no action needed.
Fri Nov 21 02:07:13 EST 2025: ✅ main.py ran recently — no action needed.
Fri Nov 21 02:48:21 EST 2025: ✅ main.py ran recently — no action needed.
Fri Nov 21 04:35:05 EST 2025: ✅ main.py ran recently — no action needed.
Fri Nov 21 06:01:32 EST 2025: ✅ main.py ran recently — no action needed.
Fri Nov 21 06:49:09 EST 2025: ✅ main.py ran recently — no action needed.
Fri Nov 21 07:15:42 EST 2025: ✅ main.py ran recently — no action needed.
Fri Nov 21 08:38:32 EST 2025: ✅ main.py ran recently — no action needed.
Fri Nov 21 09:53:14 EST 2025: ✅ main.py ran recently — no action needed.
Fri Nov 21 14:05:28 EST 2025: ✅ main.py ran recently — no action needed.
Fri Nov 21 14:25:03 EST 2025: ✅ main.py ran recently — no action needed.
Fri Nov 21 14:35:03 EST 2025: ✅ main.py ran recently — no action needed.
Fri Nov 21 14:45:03 EST 2025: ✅ main.py ran recently — no action needed.
Fri Nov 21 14:55:03 EST 2025: ✅ main.py ran recently — no action needed.
Fri Nov 21 15:05:03 EST 2025: ✅ main.py ran recently — no action needed.
Fri Nov 21 15:15:03 EST 2025: ✅ main.py ran recently — no action needed.
Fri Nov 21 15:25:03 EST 2025: ✅ main.py ran recently — no action needed.
Fri Nov 21 15:35:03 EST 2025: ✅ main.py ran recently — no action needed.
Fri Nov 21 15:45:03 EST 2025: ✅ main.py ran recently — no action needed.
Fri Nov 21 15:55:04 EST 2025: ✅ main.py ran recently — no action needed.
Fri Nov 21 16:05:04 EST 2025: ✅ main.py ran recently — no action needed.
Fri Nov 21 16:15:04 EST 2025: ✅ main.py ran recently — no action needed.
Fri Nov 21 16:25:04 EST 2025: ✅ main.py ran recently — no action needed.
Fri Nov 21 16:35:04 EST 2025: ✅ main.py ran recently — no action needed.
Fri Nov 21 18:17:31 EST 2025: ✅ main.py ran recently — no action needed.
Fri Nov 21 18:27:31 EST 2025: ✅ main.py ran recently — no action needed.
Fri Nov 21 18:37:31 EST 2025: ✅ main.py ran recently — no action needed.
Fri Nov 21 18:47:31 EST 2025: ✅ main.py ran recently — no action needed.
Fri Nov 21 18:57:31 EST 2025: ✅ main.py ran recently — no action needed.
Fri Nov 21 19:07:31 EST 2025: ✅ main.py ran recently — no action needed.
Fri Nov 21 19:17:31 EST 2025: ✅ main.py ran recently — no action needed.
Fri Nov 21 19:27:31 EST 2025: ✅ main.py ran recently — no action needed.
Fri Nov 21 19:37:31 EST 2025: ✅ main.py ran recently — no action needed.
Fri Nov 21 19:47:31 EST 2025: ✅ main.py ran recently — no action needed.
Fri Nov 21 19:57:31 EST 2025: ✅ main.py ran recently — no action needed.
Fri Nov 21 20:07:31 EST 2025: ✅ main.py ran recently — no action needed.
Fri Nov 21 20:17:31 EST 2025: ✅ main.py ran recently — no action needed.
Fri Nov 21 20:27:31 EST 2025: ✅ main.py ran recently — no action needed.
Fri Nov 21 20:37:31 EST 2025: ✅ main.py ran recently — no action needed.
Fri Nov 21 20:47:31 EST 2025: ✅ main.py ran recently — no action needed.
Fri Nov 21 20:57:31 EST 2025: ✅ main.py ran recently — no action needed.
Sat Nov 22 10:51:34 EST 2025: ⚠️ main.py appears inactive — restarting LaunchAgent...
Sat Nov 22 17:33:59 EST 2025: ✅ main.py ran recently — no action needed.
Sat Nov 22 17:43:59 EST 2025: ✅ main.py ran recently — no action needed.
Sat Nov 22 17:53:59 EST 2025: ✅ main.py ran recently — no action needed.
Sat Nov 22 18:03:59 EST 2025: ✅ main.py ran recently — no action needed.
Sat Nov 22 18:13:59 EST 2025: ✅ main.py ran recently — no action needed.
Sat Nov 22 18:23:59 EST 2025: ✅ main.py ran recently — no action needed.
Sat Nov 22 18:33:59 EST 2025: ✅ main.py ran recently — no action needed.
Sat Nov 22 18:43:59 EST 2025: ✅ main.py ran recently — no action needed.
Sat Nov 22 19:07:09 EST 2025: ✅ main.py ran recently — no action needed.
Sun Nov 23 00:12:47 EST 2025: ✅ main.py ran recently — no action needed.
Sun Nov 23 00:22:47 EST 2025: ✅ main.py ran recently — no action needed.
Sun Nov 23 00:32:47 EST 2025: ✅ main.py ran recently — no action needed.
Sun Nov 23 01:02:46 EST 2025: ✅ main.py ran recently — no action needed.
Sun Nov 23 02:27:50 EST 2025: ✅ main.py ran recently — no action needed.
Sun Nov 23 03:24:05 EST 2025: ✅ main.py ran recently — no action needed.
Sun Nov 23 04:52:13 EST 2025: ✅ main.py ran recently — no action needed.
Sun Nov 23 06:22:15 EST 2025: ✅ main.py ran recently — no action needed.
Sun Nov 23 07:49:05 EST 2025: ✅ main.py ran recently — no action needed.
Sun Nov 23 09:08:16 EST 2025: ✅ main.py ran recently — no action needed.
Sun Nov 23 16:29:56 EST 2025: ⚠️ main.py appears inactive — restarting LaunchAgent...
Sun Nov 23 16:41:08 EST 2025: ✅ main.py ran recently — no action needed.
Sun Nov 23 16:51:08 EST 2025: ✅ main.py ran recently — no action needed.
Sun Nov 23 17:01:08 EST 2025: ✅ main.py ran recently — no action needed.
Sun Nov 23 17:11:08 EST 2025: ✅ main.py ran recently — no action needed.
Sun Nov 23 17:21:08 EST 2025: ✅ main.py ran recently — no action needed.
Sun Nov 23 17:31:08 EST 2025: ✅ main.py ran recently — no action needed.
Sun Nov 23 17:41:08 EST 2025: ✅ main.py ran recently — no action needed.
Sun Nov 23 17:51:08 EST 2025: ✅ main.py ran recently — no action needed.
Sun Nov 23 18:01:08 EST 2025: ✅ main.py ran recently — no action needed.
Sun Nov 23 18:11:09 EST 2025: ✅ main.py ran recently — no action needed.
Sun Nov 23 18:21:09 EST 2025: ✅ main.py ran recently — no action needed.
Sun Nov 23 18:31:09 EST 2025: ✅ main.py ran recently — no action needed.
Sun Nov 23 18:41:09 EST 2025: ✅ main.py ran recently — no action needed.
Sun Nov 23 18:51:09 EST 2025: ✅ main.py ran recently — no action needed.
Sun Nov 23 19:01:09 EST 2025: ✅ main.py ran recently — no action needed.
Sun Nov 23 19:11:09 EST 2025: ✅ main.py ran recently — no action needed.
Sun Nov 23 19:21:09 EST 2025: ✅ main.py ran recently — no action needed.
Sun Nov 23 19:31:09 EST 2025: ✅ main.py ran recently — no action needed.
Sun Nov 23 19:41:09 EST 2025: ✅ main.py ran recently — no action needed.
Sun Nov 23 19:51:09 EST 2025: ✅ main.py ran recently — no action needed.
Sun Nov 23 20:01:09 EST 2025: ✅ main.py ran recently — no action needed.
Sun Nov 23 20:11:09 EST 2025: ✅ main.py ran recently — no action needed.
Sun Nov 23 20:21:09 EST 2025: ✅ main.py ran recently — no action needed.
Sun Nov 23 20:31:09 EST 2025: ✅ main.py ran recently — no action needed.
Sun Nov 23 20:41:09 EST 2025: ✅ main.py ran recently — no action needed.
Sun Nov 23 20:51:09 EST 2025: ✅ main.py ran recently — no action needed.
Sun Nov 23 21:01:09 EST 2025: ✅ main.py ran recently — no action needed.
Sun Nov 23 21:11:09 EST 2025: ✅ main.py ran recently — no action needed.
Mon Nov 24 01:30:40 EST 2025: ✅ main.py ran recently — no action needed.
Mon Nov 24 03:16:19 EST 2025: ✅ main.py ran recently — no action needed.
Mon Nov 24 04:29:10 EST 2025: ✅ main.py ran recently — no action needed.
Mon Nov 24 05:11:54 EST 2025: ✅ main.py ran recently — no action needed.
Mon Nov 24 06:21:48 EST 2025: ✅ main.py ran recently — no action needed.
Mon Nov 24 07:49:09 EST 2025: ✅ main.py ran recently — no action needed.
Mon Nov 24 09:03:35 EST 2025: ✅ main.py ran recently — no action needed.
Mon Nov 24 09:45:37 EST 2025: ✅ main.py ran recently — no action needed.
Mon Nov 24 09:55:37 EST 2025: ✅ main.py ran recently — no action needed.
Mon Nov 24 10:05:37 EST 2025: ✅ main.py ran recently — no action needed.
Mon Nov 24 10:15:37 EST 2025: ✅ main.py ran recently — no action needed.
Mon Nov 24 10:25:38 EST 2025: ✅ main.py ran recently — no action needed.
Mon Nov 24 10:35:38 EST 2025: ✅ main.py ran recently — no action needed.
Mon Nov 24 10:45:38 EST 2025: ✅ main.py ran recently — no action needed.
Mon Nov 24 10:55:38 EST 2025: ✅ main.py ran recently — no action needed.
Mon Nov 24 11:05:38 EST 2025: ✅ main.py ran recently — no action needed.
Mon Nov 24 11:15:38 EST 2025: ⚠️ main.py appears inactive — restarting LaunchAgent...
Mon Nov 24 11:25:38 EST 2025: ⚠️ main.py appears inactive — restarting LaunchAgent...
Mon Nov 24 11:35:38 EST 2025: ✅ main.py ran recently — no action needed.
Mon Nov 24 11:37:36 EST 2025: ✅ main.py ran recently — no action needed.
Mon Nov 24 11:47:36 EST 2025: ✅ main.py ran recently — no action needed.
Mon Nov 24 11:57:36 EST 2025: ✅ main.py ran recently — no action needed.
Mon Nov 24 12:03:30 EST 2025: ✅ main.py ran recently — no action needed.
Mon Nov 24 12:03:50 EST 2025: ✅ main.py ran recently — no action needed.
Mon Nov 24 12:13:50 EST 2025: ✅ main.py ran recently — no action needed.
Wed Nov 26 11:21:02 EST 2025: ✅ main.py ran recently — no action needed.
Wed Nov 26 11:21:45 EST 2025: ✅ main.py ran recently — no action needed.
Wed Nov 26 11:23:14 EST 2025: ✅ main.py ran recently — no action needed.
Wed Nov 26 11:33:14 EST 2025: ✅ main.py ran recently — no action needed.
Wed Nov 26 11:43:15 EST 2025: ✅ main.py ran recently — no action needed.
Wed Nov 26 11:47:27 EST 2025: ✅ main.py ran recently — no action needed.
Wed Nov 26 11:52:56 EST 2025: ✅ main.py ran recently — no action needed.
Wed Nov 26 11:54:55 EST 2025: ✅ main.py ran recently — no action needed.
Wed Nov 26 12:04:55 EST 2025: ✅ main.py ran recently — no action needed.
Wed Nov 26 12:14:56 EST 2025: ✅ main.py ran recently — no action needed.
Wed Nov 26 12:24:56 EST 2025: ✅ main.py ran recently — no action needed.
Wed Nov 26 12:34:56 EST 2025: ✅ main.py ran recently — no action needed.
Wed Nov 26 12:44:56 EST 2025: ✅ main.py ran recently — no action needed.
Wed Nov 26 12:54:56 EST 2025: ✅ main.py ran recently — no action needed.
Wed Nov 26 13:04:56 EST 2025: ✅ main.py ran recently — no action needed.
Wed Nov 26 13:14:56 EST 2025: ✅ main.py ran recently — no action needed.
Wed Nov 26 13:24:56 EST 2025: ✅ main.py ran recently — no action needed.
Wed Nov 26 13:34:56 EST 2025: ✅ main.py ran recently — no action needed.
Wed Nov 26 13:44:56 EST 2025: ✅ main.py ran recently — no action needed.
Wed Nov 26 13:54:56 EST 2025: ✅ main.py ran recently — no action needed.
Wed Nov 26 14:04:56 EST 2025: ✅ main.py ran recently — no action needed.
Wed Nov 26 14:14:56 EST 2025: ✅ main.py ran recently — no action needed.
Wed Nov 26 14:24:56 EST 2025: ✅ main.py ran recently — no action needed.
Wed Nov 26 14:34:56 EST 2025: ✅ main.py ran recently — no action needed.
Wed Nov 26 14:44:56 EST 2025: ✅ main.py ran recently — no action needed.
Wed Nov 26 14:54:56 EST 2025: ✅ main.py ran recently — no action needed.
Thu Nov 27 00:55:12 EST 2025: ✅ main.py ran recently — no action needed.
Thu Nov 27 03:08:58 EST 2025: ✅ main.py ran recently — no action needed.
Thu Nov 27 04:37:21 EST 2025: ✅ main.py ran recently — no action needed.
Thu Nov 27 04:53:16 EST 2025: ✅ main.py ran recently — no action needed.
Thu Nov 27 06:32:02 EST 2025: ✅ main.py ran recently — no action needed.
Thu Nov 27 08:01:24 EST 2025: ✅ main.py ran recently — no action needed.
Thu Nov 27 09:27:09 EST 2025: ✅ main.py ran recently — no action needed.
Thu Nov 27 10:06:42 EST 2025: ✅ main.py ran recently — no action needed.
Thu Nov 27 10:44:57 EST 2025: ✅ main.py ran recently — no action needed.
Thu Nov 27 11:36:24 EST 2025: ✅ main.py ran recently — no action needed.
Thu Nov 27 12:09:48 EST 2025: ✅ main.py ran recently — no action needed.
Thu Nov 27 12:19:48 EST 2025: ✅ main.py ran recently — no action needed.
Thu Nov 27 12:29:48 EST 2025: ✅ main.py ran recently — no action needed.
Thu Nov 27 12:39:48 EST 2025: ✅ main.py ran recently — no action needed.
Thu Nov 27 12:49:48 EST 2025: ✅ main.py ran recently — no action needed.
Thu Nov 27 12:59:49 EST 2025: ✅ main.py ran recently — no action needed.
Thu Nov 27 13:09:49 EST 2025: ✅ main.py ran recently — no action needed.
Thu Nov 27 13:19:49 EST 2025: ✅ main.py ran recently — no action needed.
Thu Nov 27 16:54:14 EST 2025: ✅ main.py ran recently — no action needed.
Fri Nov 28 03:40:25 EST 2025: ✅ main.py ran recently — no action needed.
Fri Nov 28 11:15:29 EST 2025: ✅ main.py ran recently — no action needed.
Fri Nov 28 14:27:08 EST 2025: ✅ main.py ran recently — no action needed.
Fri Nov 28 14:37:08 EST 2025: ✅ main.py ran recently — no action needed.
Fri Nov 28 14:47:08 EST 2025: ✅ main.py ran recently — no action needed.
Fri Nov 28 14:57:08 EST 2025: ✅ main.py ran recently — no action needed.
Fri Nov 28 15:07:08 EST 2025: ✅ main.py ran recently — no action needed.
Fri Nov 28 15:17:08 EST 2025: ✅ main.py ran recently — no action needed.
Fri Nov 28 15:27:08 EST 2025: ✅ main.py ran recently — no action needed.
Fri Nov 28 15:37:09 EST 2025: ✅ main.py ran recently — no action needed.
Fri Nov 28 15:47:09 EST 2025: ✅ main.py ran recently — no action needed.
Fri Nov 28 15:57:09 EST 2025: ✅ main.py ran recently — no action needed.
Fri Nov 28 16:07:09 EST 2025: ✅ main.py ran recently — no action needed.
Fri Nov 28 16:17:09 EST 2025: ✅ main.py ran recently — no action needed.
Fri Nov 28 16:27:09 EST 2025: ✅ main.py ran recently — no action needed.
Fri Nov 28 16:37:09 EST 2025: ✅ main.py ran recently — no action needed.
Fri Nov 28 16:47:09 EST 2025: ✅ main.py ran recently — no action needed.
Fri Nov 28 16:57:09 EST 2025: ✅ main.py ran recently — no action needed.
Fri Nov 28 17:07:09 EST 2025: ✅ main.py ran recently — no action needed.
Fri Nov 28 17:17:09 EST 2025: ✅ main.py ran recently — no action needed.
Fri Nov 28 17:27:09 EST 2025: ✅ main.py ran recently — no action needed.
Fri Nov 28 17:37:09 EST 2025: ✅ main.py ran recently — no action needed.
Fri Nov 28 17:47:09 EST 2025: ✅ main.py ran recently — no action needed.
Fri Nov 28 17:57:09 EST 2025: ✅ main.py ran recently — no action needed.
Fri Nov 28 18:07:09 EST 2025: ✅ main.py ran recently — no action needed.
Fri Nov 28 18:17:09 EST 2025: ✅ main.py ran recently — no action needed.
Fri Nov 28 18:27:09 EST 2025: ✅ main.py ran recently — no action needed.
Fri Nov 28 19:22:12 EST 2025: ✅ main.py ran recently — no action needed.
Fri Nov 28 21:24:28 EST 2025: ✅ main.py ran recently — no action needed.
Fri Nov 28 21:34:28 EST 2025: ✅ main.py ran recently — no action needed.
Fri Nov 28 21:44:28 EST 2025: ✅ main.py ran recently — no action needed.
Fri Nov 28 21:54:28 EST 2025: ✅ main.py ran recently — no action needed.
Fri Nov 28 22:04:28 EST 2025: ✅ main.py ran recently — no action needed.
Fri Nov 28 22:14:28 EST 2025: ✅ main.py ran recently — no action needed.
Fri Nov 28 22:24:28 EST 2025: ✅ main.py ran recently — no action needed.
Fri Nov 28 22:34:28 EST 2025: ✅ main.py ran recently — no action needed.
Fri Nov 28 22:44:28 EST 2025: ✅ main.py ran recently — no action needed.
Fri Nov 28 22:54:28 EST 2025: ✅ main.py ran recently — no action needed.
Fri Nov 28 23:04:28 EST 2025: ✅ main.py ran recently — no action needed.
Fri Nov 28 23:14:28 EST 2025: ✅ main.py ran recently — no action needed.
Fri Nov 28 23:24:28 EST 2025: ✅ main.py ran recently — no action needed.
Fri Nov 28 23:34:29 EST 2025: ✅ main.py ran recently — no action needed.
Fri Nov 28 23:44:29 EST 2025: ✅ main.py ran recently — no action needed.
Fri Nov 28 23:54:29 EST 2025: ✅ main.py ran recently — no action needed.
Sat Nov 29 00:04:29 EST 2025: ✅ main.py ran recently — no action needed.
Sat Nov 29 00:14:29 EST 2025: ✅ main.py ran recently — no action needed.
Sat Nov 29 00:24:29 EST 2025: ✅ main.py ran recently — no action needed.
Sat Nov 29 00:34:29 EST 2025: ✅ main.py ran recently — no action needed.
Sat Nov 29 00:44:29 EST 2025: ✅ main.py ran recently — no action needed.
Sat Nov 29 00:54:29 EST 2025: ✅ main.py ran recently — no action needed.
Sat Nov 29 01:04:29 EST 2025: ✅ main.py ran recently — no action needed.
Sat Nov 29 01:14:29 EST 2025: ✅ main.py ran recently — no action needed.
Sat Nov 29 01:24:29 EST 2025: ✅ main.py ran recently — no action needed.
Sat Nov 29 01:34:29 EST 2025: ✅ main.py ran recently — no action needed.
Sat Nov 29 10:04:16 EST 2025: ✅ main.py ran recently — no action needed.
Sat Nov 29 11:58:23 EST 2025: ✅ main.py ran recently — no action needed.
Sat Nov 29 12:08:23 EST 2025: ✅ main.py ran recently — no action needed.
Sat Nov 29 12:18:23 EST 2025: ✅ main.py ran recently — no action needed.
Sat Nov 29 12:28:23 EST 2025: ✅ main.py ran recently — no action needed.
Sat Nov 29 12:38:23 EST 2025: ✅ main.py ran recently — no action needed.
Sat Nov 29 12:48:23 EST 2025: ✅ main.py ran recently — no action needed.
Sat Nov 29 12:58:23 EST 2025: ✅ main.py ran recently — no action needed.
Sat Nov 29 13:08:23 EST 2025: ✅ main.py ran recently — no action needed.
Sat Nov 29 13:18:23 EST 2025: ✅ main.py ran recently — no action needed.
Sat Nov 29 13:28:24 EST 2025: ✅ main.py ran recently — no action needed.
Sat Nov 29 13:38:24 EST 2025: ✅ main.py ran recently — no action needed.
Sat Nov 29 13:48:24 EST 2025: ✅ main.py ran recently — no action needed.
Sat Nov 29 13:58:24 EST 2025: ✅ main.py ran recently — no action needed.
Sat Nov 29 14:08:24 EST 2025: ✅ main.py ran recently — no action needed.
Sat Nov 29 14:18:24 EST 2025: ✅ main.py ran recently — no action needed.
Sat Nov 29 14:28:24 EST 2025: ✅ main.py ran recently — no action needed.
Sat Nov 29 14:38:24 EST 2025: ✅ main.py ran recently — no action needed.
Sat Nov 29 14:48:24 EST 2025: ✅ main.py ran recently — no action needed.
Sat Nov 29 14:58:24 EST 2025: ✅ main.py ran recently — no action needed.
Sat Nov 29 15:08:24 EST 2025: ✅ main.py ran recently — no action needed.
Sat Nov 29 15:18:24 EST 2025: ✅ main.py ran recently — no action needed.
Sat Nov 29 23:49:22 EST 2025: ✅ main.py ran recently — no action needed.
Sun Nov 30 02:10:08 EST 2025: ✅ main.py ran recently — no action needed.
Sun Nov 30 04:05:17 EST 2025: ✅ main.py ran recently — no action needed.
Sun Nov 30 05:29:52 EST 2025: ✅ main.py ran recently — no action needed.
Sun Nov 30 06:41:49 EST 2025: ✅ main.py ran recently — no action needed.
Sun Nov 30 07:46:11 EST 2025: ✅ main.py ran recently — no action needed.
Sun Nov 30 09:12:00 EST 2025: ✅ main.py ran recently — no action needed.
Sun Nov 30 09:24:15 EST 2025: ✅ main.py ran recently — no action needed.
Sun Nov 30 10:36:40 EST 2025: ✅ main.py ran recently — no action needed.
Sun Nov 30 10:46:40 EST 2025: ✅ main.py ran recently — no action needed.
Sun Nov 30 10:56:40 EST 2025: ✅ main.py ran recently — no action needed.
Sun Nov 30 11:06:40 EST 2025: ✅ main.py ran recently — no action needed.
Sun Nov 30 11:16:40 EST 2025: ✅ main.py ran recently — no action needed.
Sun Nov 30 11:26:40 EST 2025: ✅ main.py ran recently — no action needed.
Sun Nov 30 11:36:40 EST 2025: ✅ main.py ran recently — no action needed.
Sun Nov 30 11:46:40 EST 2025: ✅ main.py ran recently — no action needed.
Sun Nov 30 11:56:40 EST 2025: ✅ main.py ran recently — no action needed.
Sun Nov 30 12:06:40 EST 2025: ✅ main.py ran recently — no action needed.
Sun Nov 30 12:16:40 EST 2025: ✅ main.py ran recently — no action needed.
Sun Nov 30 12:26:41 EST 2025: ✅ main.py ran recently — no action needed.
Sun Nov 30 12:36:41 EST 2025: ✅ main.py ran recently — no action needed.
Sun Nov 30 12:46:41 EST 2025: ✅ main.py ran recently — no action needed.
Sun Nov 30 12:56:41 EST 2025: ✅ main.py ran recently — no action needed.
Sun Nov 30 13:06:41 EST 2025: ✅ main.py ran recently — no action needed.
Sun Nov 30 13:16:41 EST 2025: ✅ main.py ran recently — no action needed.
Sun Nov 30 13:26:41 EST 2025: ✅ main.py ran recently — no action needed.
Sun Nov 30 13:36:41 EST 2025: ✅ main.py ran recently — no action needed.
Sun Nov 30 13:46:41 EST 2025: ✅ main.py ran recently — no action needed.
Sun Nov 30 13:56:41 EST 2025: ✅ main.py ran recently — no action needed.
Sun Nov 30 14:06:41 EST 2025: ✅ main.py ran recently — no action needed.
Sun Nov 30 14:16:41 EST 2025: ✅ main.py ran recently — no action needed.
Sun Nov 30 14:26:41 EST 2025: ✅ main.py ran recently — no action needed.
Sun Nov 30 14:36:41 EST 2025: ✅ main.py ran recently — no action needed.
Sun Nov 30 14:46:41 EST 2025: ✅ main.py ran recently — no action needed.
Sun Nov 30 14:56:41 EST 2025: ✅ main.py ran recently — no action needed.
Sun Nov 30 15:06:41 EST 2025: ✅ main.py ran recently — no action needed.
Sun Nov 30 15:16:41 EST 2025: ✅ main.py ran recently — no action needed.
Sun Nov 30 15:26:41 EST 2025: ✅ main.py ran recently — no action needed.
Sun Nov 30 15:36:41 EST 2025: ✅ main.py ran recently — no action needed.
Sun Nov 30 15:46:41 EST 2025: ✅ main.py ran recently — no action needed.
Sun Nov 30 15:56:41 EST 2025: ✅ main.py ran recently — no action needed.
Sun Nov 30 16:06:41 EST 2025: ✅ main.py ran recently — no action needed.
Sun Nov 30 16:16:41 EST 2025: ✅ main.py ran recently — no action needed.
Sun Nov 30 16:26:41 EST 2025: ✅ main.py ran recently — no action needed.
Sun Nov 30 16:36:41 EST 2025: ✅ main.py ran recently — no action needed.
Sun Nov 30 16:46:41 EST 2025: ✅ main.py ran recently — no action needed.
Sun Nov 30 16:56:41 EST 2025: ✅ main.py ran recently — no action needed.
Sun Nov 30 17:06:42 EST 2025: ✅ main.py ran recently — no action needed.
Sun Nov 30 17:16:42 EST 2025: ✅ main.py ran recently — no action needed.
Mon Dec  1 00:42:02 EST 2025: ✅ main.py ran recently — no action needed.
Mon Dec  1 02:26:52 EST 2025: ✅ main.py ran recently — no action needed.
Mon Dec  1 03:09:00 EST 2025: ✅ main.py ran recently — no action needed.
Mon Dec  1 04:07:23 EST 2025: ✅ main.py ran recently — no action needed.
Mon Dec  1 05:03:11 EST 2025: ✅ main.py ran recently — no action needed.
Mon Dec  1 05:58:04 EST 2025: ✅ main.py ran recently — no action needed.
Mon Dec  1 06:46:10 EST 2025: ✅ main.py ran recently — no action needed.
Mon Dec  1 07:42:17 EST 2025: ✅ main.py ran recently — no action needed.
Mon Dec  1 08:50:03 EST 2025: ✅ main.py ran recently — no action needed.
Mon Dec  1 21:05:58 EST 2025: ⚠️ main.py appears inactive — restarting LaunchAgent...
Tue Dec  2 01:49:16 EST 2025: ✅ main.py ran recently — no action needed.
Tue Dec  2 03:30:49 EST 2025: ✅ main.py ran recently — no action needed.
Tue Dec  2 03:56:26 EST 2025: ✅ main.py ran recently — no action needed.
Tue Dec  2 04:56:08 EST 2025: ✅ main.py ran recently — no action needed.
Tue Dec  2 06:16:50 EST 2025: ✅ main.py ran recently — no action needed.
Tue Dec  2 08:03:14 EST 2025: ✅ main.py ran recently — no action needed.
Tue Dec  2 09:04:30 EST 2025: ✅ main.py ran recently — no action needed.
Tue Dec  2 10:10:14 EST 2025: ✅ main.py ran recently — no action needed.
Tue Dec  2 10:20:14 EST 2025: ✅ main.py ran recently — no action needed.
Tue Dec  2 10:30:14 EST 2025: ✅ main.py ran recently — no action needed.
Tue Dec  2 10:40:14 EST 2025: ✅ main.py ran recently — no action needed.
Tue Dec  2 10:50:14 EST 2025: ✅ main.py ran recently — no action needed.
Tue Dec  2 10:54:53 EST 2025: ✅ main.py ran recently — no action needed.
Tue Dec  2 10:55:07 EST 2025: ✅ main.py ran recently — no action needed.
Tue Dec  2 10:57:17 EST 2025: ✅ main.py ran recently — no action needed.
Tue Dec  2 10:57:29 EST 2025: ✅ main.py ran recently — no action needed.
Tue Dec  2 11:07:29 EST 2025: ✅ main.py ran recently — no action needed.
Tue Dec  2 11:17:29 EST 2025: ✅ main.py ran recently — no action needed.
Tue Dec  2 11:27:29 EST 2025: ✅ main.py ran recently — no action needed.
Tue Dec  2 11:29:00 EST 2025: ✅ main.py ran recently — no action needed.
Tue Dec  2 11:30:06 EST 2025: ✅ main.py ran recently — no action needed.
Tue Dec  2 11:30:45 EST 2025: ✅ main.py ran recently — no action needed.
Tue Dec  2 11:30:56 EST 2025: ✅ main.py ran recently — no action needed.
Tue Dec  2 11:37:15 EST 2025: ✅ main.py ran recently — no action needed.
Tue Dec  2 11:47:15 EST 2025: ✅ main.py ran recently — no action needed.
Tue Dec  2 11:57:15 EST 2025: ✅ main.py ran recently — no action needed.
Tue Dec  2 12:07:15 EST 2025: ✅ main.py ran recently — no action needed.
Tue Dec  2 12:17:15 EST 2025: ✅ main.py ran recently — no action needed.
Tue Dec  2 12:27:15 EST 2025: ✅ main.py ran recently — no action needed.
Tue Dec  2 12:37:15 EST 2025: ✅ main.py ran recently — no action needed.
Tue Dec  2 12:47:15 EST 2025: ✅ main.py ran recently — no action needed.
Tue Dec  2 12:57:15 EST 2025: ✅ main.py ran recently — no action needed.
Tue Dec  2 13:07:16 EST 2025: ✅ main.py ran recently — no action needed.
Tue Dec  2 13:17:16 EST 2025: ✅ main.py ran recently — no action needed.
Tue Dec  2 13:27:16 EST 2025: ✅ main.py ran recently — no action needed.
Tue Dec  2 13:37:16 EST 2025: ✅ main.py ran recently — no action needed.
Tue Dec  2 13:47:16 EST 2025: ✅ main.py ran recently — no action needed.
Tue Dec  2 13:57:16 EST 2025: ✅ main.py ran recently — no action needed.
Tue Dec  2 14:07:16 EST 2025: ✅ main.py ran recently — no action needed.
Tue Dec  2 14:17:16 EST 2025: ✅ main.py ran recently — no action needed.
Tue Dec  2 14:27:16 EST 2025: ✅ main.py ran recently — no action needed.
Tue Dec  2 14:37:16 EST 2025: ✅ main.py ran recently — no action needed.
Tue Dec  2 14:47:16 EST 2025: ✅ main.py ran recently — no action needed.
Tue Dec  2 14:57:16 EST 2025: ✅ main.py ran recently — no action needed.
Tue Dec  2 15:07:16 EST 2025: ✅ main.py ran recently — no action needed.
Tue Dec  2 15:17:16 EST 2025: ✅ main.py ran recently — no action needed.
Tue Dec  2 15:27:16 EST 2025: ✅ main.py ran recently — no action needed.
Tue Dec  2 15:37:16 EST 2025: ✅ main.py ran recently — no action needed.
Tue Dec  2 15:47:16 EST 2025: ✅ main.py ran recently — no action needed.
Tue Dec  2 15:57:16 EST 2025: ✅ main.py ran recently — no action needed.
Tue Dec  2 16:07:16 EST 2025: ✅ main.py ran recently — no action needed.
Tue Dec  2 16:17:16 EST 2025: ✅ main.py ran recently — no action needed.
Tue Dec  2 16:27:16 EST 2025: ✅ main.py ran recently — no action needed.
Tue Dec  2 16:37:16 EST 2025: ✅ main.py ran recently — no action needed.
Tue Dec  2 16:47:16 EST 2025: ✅ main.py ran recently — no action needed.
Tue Dec  2 16:57:16 EST 2025: ✅ main.py ran recently — no action needed.
Tue Dec  2 17:07:16 EST 2025: ✅ main.py ran recently — no action needed.
Tue Dec  2 17:17:16 EST 2025: ✅ main.py ran recently — no action needed.
Tue Dec  2 17:27:16 EST 2025: ✅ main.py ran recently — no action needed.
Tue Dec  2 17:37:17 EST 2025: ✅ main.py ran recently — no action needed.
Tue Dec  2 17:47:17 EST 2025: ✅ main.py ran recently — no action needed.
Tue Dec  2 17:57:17 EST 2025: ✅ main.py ran recently — no action needed.
Tue Dec  2 18:07:17 EST 2025: ✅ main.py ran recently — no action needed.
Tue Dec  2 18:17:17 EST 2025: ✅ main.py ran recently — no action needed.
Tue Dec  2 18:27:17 EST 2025: ✅ main.py ran recently — no action needed.
Tue Dec  2 18:37:17 EST 2025: ✅ main.py ran recently — no action needed.
Tue Dec  2 18:47:17 EST 2025: ✅ main.py ran recently — no action needed.
Tue Dec  2 18:57:17 EST 2025: ✅ main.py ran recently — no action needed.
Tue Dec  2 19:07:17 EST 2025: ✅ main.py ran recently — no action needed.
Tue Dec  2 19:17:17 EST 2025: ✅ main.py ran recently — no action needed.
Tue Dec  2 19:27:17 EST 2025: ✅ main.py ran recently — no action needed.
Tue Dec  2 19:37:17 EST 2025: ✅ main.py ran recently — no action needed.
Tue Dec  2 19:47:17 EST 2025: ✅ main.py ran recently — no action needed.
Tue Dec  2 19:57:17 EST 2025: ✅ main.py ran recently — no action needed.
Tue Dec  2 20:07:17 EST 2025: ✅ main.py ran recently — no action needed.
Tue Dec  2 20:17:17 EST 2025: ✅ main.py ran recently — no action needed.
Tue Dec  2 20:27:17 EST 2025: ✅ main.py ran recently — no action needed.
Tue Dec  2 20:37:17 EST 2025: ✅ main.py ran recently — no action needed.
Tue Dec  2 20:47:17 EST 2025: ✅ main.py ran recently — no action needed.
Tue Dec  2 20:57:18 EST 2025: ✅ main.py ran recently — no action needed.
Tue Dec  2 21:07:17 EST 2025: ✅ main.py ran recently — no action needed.
Tue Dec  2 21:17:18 EST 2025: ✅ main.py ran recently — no action needed.
Tue Dec  2 21:27:18 EST 2025: ✅ main.py ran recently — no action needed.
Tue Dec  2 21:37:18 EST 2025: ✅ main.py ran recently — no action needed.
Tue Dec  2 21:47:18 EST 2025: ✅ main.py ran recently — no action needed.
Tue Dec  2 21:57:18 EST 2025: ✅ main.py ran recently — no action needed.
Tue Dec  2 22:07:18 EST 2025: ✅ main.py ran recently — no action needed.
Tue Dec  2 22:17:18 EST 2025: ✅ main.py ran recently — no action needed.
Tue Dec  2 22:27:18 EST 2025: ✅ main.py ran recently — no action needed.
Tue Dec  2 22:37:18 EST 2025: ✅ main.py ran recently — no action needed.
Tue Dec  2 22:47:18 EST 2025: ✅ main.py ran recently — no action needed.
Tue Dec  2 22:57:18 EST 2025: ✅ main.py ran recently — no action needed.
Tue Dec  2 23:07:18 EST 2025: ✅ main.py ran recently — no action needed.
Tue Dec  2 23:17:18 EST 2025: ✅ main.py ran recently — no action needed.
Tue Dec  2 23:27:18 EST 2025: ✅ main.py ran recently — no action needed.
Tue Dec  2 23:37:18 EST 2025: ✅ main.py ran recently — no action needed.
Wed Dec  3 02:45:35 EST 2025: ✅ main.py ran recently — no action needed.
Wed Dec  3 03:50:26 EST 2025: ✅ main.py ran recently — no action needed.
Wed Dec  3 04:17:12 EST 2025: ✅ main.py ran recently — no action needed.
Wed Dec  3 05:47:06 EST 2025: ✅ main.py ran recently — no action needed.
Wed Dec  3 06:58:00 EST 2025: ✅ main.py ran recently — no action needed.
Wed Dec  3 08:24:45 EST 2025: ✅ main.py ran recently — no action needed.
Wed Dec  3 10:02:23 EST 2025: ✅ main.py ran recently — no action needed.
Wed Dec  3 10:34:14 EST 2025: ✅ main.py ran recently — no action needed.
Wed Dec  3 11:01:22 EST 2025: ✅ main.py ran recently — no action needed.
Wed Dec  3 13:43:34 EST 2025: ⚠️ main.py appears inactive — restarting LaunchAgent...
Wed Dec  3 13:53:34 EST 2025: ✅ main.py ran recently — no action needed.
Wed Dec  3 14:03:34 EST 2025: ✅ main.py ran recently — no action needed.
Wed Dec  3 14:13:34 EST 2025: ✅ main.py ran recently — no action needed.
Wed Dec  3 14:23:34 EST 2025: ✅ main.py ran recently — no action needed.
Wed Dec  3 14:33:34 EST 2025: ✅ main.py ran recently — no action needed.
Wed Dec  3 14:43:34 EST 2025: ✅ main.py ran recently — no action needed.
Wed Dec  3 14:53:34 EST 2025: ✅ main.py ran recently — no action needed.
Wed Dec  3 15:03:34 EST 2025: ✅ main.py ran recently — no action needed.
Wed Dec  3 15:13:34 EST 2025: ✅ main.py ran recently — no action needed.
Wed Dec  3 15:23:34 EST 2025: ✅ main.py ran recently — no action needed.
Wed Dec  3 15:33:34 EST 2025: ✅ main.py ran recently — no action needed.
Wed Dec  3 15:43:34 EST 2025: ✅ main.py ran recently — no action needed.
Wed Dec  3 15:50:36 EST 2025: ✅ main.py ran recently — no action needed.
Wed Dec  3 16:00:36 EST 2025: ✅ main.py ran recently — no action needed.
Wed Dec  3 16:10:36 EST 2025: ✅ main.py ran recently — no action needed.
Wed Dec  3 16:20:36 EST 2025: ✅ main.py ran recently — no action needed.
Wed Dec  3 16:30:36 EST 2025: ✅ main.py ran recently — no action needed.
Wed Dec  3 16:40:36 EST 2025: ✅ main.py ran recently — no action needed.
Wed Dec  3 16:50:36 EST 2025: ✅ main.py ran recently — no action needed.
Wed Dec  3 17:00:36 EST 2025: ✅ main.py ran recently — no action needed.
Wed Dec  3 17:10:36 EST 2025: ✅ main.py ran recently — no action needed.
Wed Dec  3 17:20:36 EST 2025: ✅ main.py ran recently — no action needed.
Wed Dec  3 17:30:37 EST 2025: ✅ main.py ran recently — no action needed.
Wed Dec  3 17:40:37 EST 2025: ✅ main.py ran recently — no action needed.
Wed Dec  3 17:50:37 EST 2025: ✅ main.py ran recently — no action needed.
Wed Dec  3 18:00:37 EST 2025: ✅ main.py ran recently — no action needed.
Wed Dec  3 18:10:37 EST 2025: ✅ main.py ran recently — no action needed.
Wed Dec  3 18:20:37 EST 2025: ✅ main.py ran recently — no action needed.
Wed Dec  3 18:30:37 EST 2025: ✅ main.py ran recently — no action needed.
Wed Dec  3 18:40:37 EST 2025: ✅ main.py ran recently — no action needed.
Wed Dec  3 18:50:37 EST 2025: ✅ main.py ran recently — no action needed.
Wed Dec  3 19:00:37 EST 2025: ✅ main.py ran recently — no action needed.
Wed Dec  3 19:10:37 EST 2025: ✅ main.py ran recently — no action needed.
Wed Dec  3 19:20:37 EST 2025: ✅ main.py ran recently — no action needed.
Wed Dec  3 19:30:37 EST 2025: ✅ main.py ran recently — no action needed.
Wed Dec  3 19:40:37 EST 2025: ✅ main.py ran recently — no action needed.
Wed Dec  3 19:50:37 EST 2025: ✅ main.py ran recently — no action needed.
Wed Dec  3 20:00:37 EST 2025: ✅ main.py ran recently — no action needed.
Wed Dec  3 20:10:37 EST 2025: ✅ main.py ran recently — no action needed.
Wed Dec  3 20:20:37 EST 2025: ✅ main.py ran recently — no action needed.
Wed Dec  3 20:30:37 EST 2025: ✅ main.py ran recently — no action needed.
Wed Dec  3 20:40:37 EST 2025: ✅ main.py ran recently — no action needed.
Wed Dec  3 20:50:37 EST 2025: ✅ main.py ran recently — no action needed.
Wed Dec  3 21:00:37 EST 2025: ✅ main.py ran recently — no action needed.
Wed Dec  3 21:10:37 EST 2025: ✅ main.py ran recently — no action needed.
Wed Dec  3 21:20:37 EST 2025: ✅ main.py ran recently — no action needed.
Wed Dec  3 21:30:37 EST 2025: ✅ main.py ran recently — no action needed.
Wed Dec  3 21:40:38 EST 2025: ✅ main.py ran recently — no action needed.
Wed Dec  3 21:50:38 EST 2025: ✅ main.py ran recently — no action needed.
Wed Dec  3 22:00:38 EST 2025: ✅ main.py ran recently — no action needed.
Wed Dec  3 22:10:38 EST 2025: ✅ main.py ran recently — no action needed.
Wed Dec  3 22:20:38 EST 2025: ✅ main.py ran recently — no action needed.
Wed Dec  3 22:30:38 EST 2025: ✅ main.py ran recently — no action needed.
Wed Dec  3 22:40:38 EST 2025: ✅ main.py ran recently — no action needed.
Wed Dec  3 22:50:38 EST 2025: ✅ main.py ran recently — no action needed.
Wed Dec  3 23:00:38 EST 2025: ✅ main.py ran recently — no action needed.
Wed Dec  3 23:10:38 EST 2025: ✅ main.py ran recently — no action needed.
Wed Dec  3 23:20:38 EST 2025: ✅ main.py ran recently — no action needed.
Wed Dec  3 23:30:38 EST 2025: ✅ main.py ran recently — no action needed.
Wed Dec  3 23:40:38 EST 2025: ✅ main.py ran recently — no action needed.
Wed Dec  3 23:50:38 EST 2025: ✅ main.py ran recently — no action needed.
Thu Dec  4 00:00:38 EST 2025: ✅ main.py ran recently — no action needed.
Thu Dec  4 00:10:38 EST 2025: ✅ main.py ran recently — no action needed.
Thu Dec  4 00:20:38 EST 2025: ✅ main.py ran recently — no action needed.
Thu Dec  4 00:30:38 EST 2025: ✅ main.py ran recently — no action needed.
Thu Dec  4 00:40:38 EST 2025: ✅ main.py ran recently — no action needed.
Thu Dec  4 00:50:38 EST 2025: ✅ main.py ran recently — no action needed.
Thu Dec  4 01:00:38 EST 2025: ✅ main.py ran recently — no action needed.
Thu Dec  4 01:10:38 EST 2025: ✅ main.py ran recently — no action needed.
Thu Dec  4 01:20:38 EST 2025: ✅ main.py ran recently — no action needed.
Thu Dec  4 02:00:35 EST 2025: ✅ main.py ran recently — no action needed.
Thu Dec  4 03:26:06 EST 2025: ✅ main.py ran recently — no action needed.
Thu Dec  4 04:08:12 EST 2025: ✅ main.py ran recently — no action needed.
Thu Dec  4 05:41:30 EST 2025: ✅ main.py ran recently — no action needed.
Thu Dec  4 07:23:20 EST 2025: ✅ main.py ran recently — no action needed.
Thu Dec  4 08:41:17 EST 2025: ✅ main.py ran recently — no action needed.
Thu Dec  4 10:02:28 EST 2025: ✅ main.py ran recently — no action needed.
Thu Dec  4 11:21:19 EST 2025: ✅ main.py ran recently — no action needed.
